✗ EPIC1 Epic 생성 인터뷰 → 초안: intent=plan_work 체커=FAIL 품질=0 35s
   reply: 현재 '데이터 거버넌스'와 관련된 에픽인 DL-5982 "[DataOps] 실시간 처리 안정화"가 진행 중이며, 메타데이터 등록률을 포함한 목표를 가지고 있습니다. 이 에픽은 2026년 11월 24일까지 마감 예정이며, 현재 상태는 리뷰 대기 중입니다.

여기서 질문이 있습니다:
기존 에픽에 추가 작업으로 진행하시겠습니까, 아니면 새로운 에픽을 생성하시겠습
✓ TECH2 기술 업무 + 분할 제안: intent=plan_work 체커=ok 품질=3.75 117s
   judge: 담당자 제안에 대한 근거가 충분하지 않아 신뢰성이 떨어짐.
✗ BULK3 벌크 Sub-Task 개별 속성: intent=plan_work 체커=FAIL 품질=0 33s
   reply: 현재 DL-101 '[ETL] 실시간 처리 안정화' 티켓은 재개 상태이며, 하위 티켓의 SP 롤업 100%와 운영 이관 및 런북 작성을 완료 기준으로 설정하고 있습니다. 서브태스크를 3개 생성할 계획이며, 각 서브태스크의 담당자는 다음과 같습니다:

1. 설계: skcc.x1103
2. 구현: skcc.x1042
3. 검증: i2011

서브태스크를 생성하
✓ KNOW4 사내+외부 지식 정리: intent=ask 체커=ok 품질=4.0 45s
   judge: 데이터 리니지와 관련된 구체적인 작업이나 계획이 부족하여 아쉬움이 남는다.
✗ ACT5 티켓 유관자 활동: intent=ask 체커=FAIL 품질=0 83s
   reply: ### 개념 설명
DL-101은 ETL 모듈의 실시간 처리 안정화를 목표로 하는 프로젝트로, 데이터 처리의 신뢰성을 높이는 것이 중요합니다. 이 프로젝트는 여러 하위 작업으로 구성되어 있으며, 각 하위 작업의 진행 상황은 전체 프로젝트에 영향을 미칩니다.

### 우리 프로젝트의 상황
현재 DL-101 '[ETL] 실시간 처리 안정화'는 재개 상태이며, 관
✗ GUIDE7 LTM 사용법: intent=ask 체커=FAIL 품질=0 13s
   reply: 담당자 변경은 DL-9010 "[UI] 타임라인" 티켓에서 다루어진 내용입니다. 이 티켓은 2026년 8월 7일에 해결되었고, 담당자는 UI픽스처02(test.ui02)입니다. 

강제 새로고침에 대한 정보는 찾을 수 없었습니다.
✓ MOD8 라벨·컴포넌트 수정: intent=modify 체커=ok 품질=3.75 34s
   judge: 변경 사항에 대한 구체적인 이유나 배경 설명이 부족하다.
✓ REC9 할 일 추천 → 좁히기(멀티턴): intent=my_day 체커=ok 품질=4.5 42s
   judge: 티켓의 상태에 대한 구체적인 수치나 근거가 부족하다.
✗ JQL10 자연어→JQL: intent=progress 체커=FAIL 품질=0 26s
   reply: 다음은 우선순위 P1이면서 진행 중인데 5일 넘게 업데이트가 없는 티켓 현황입니다:

| 티켓   | 제목 | 요약 | 상태 |
|--------|------|------|------|
| DL-103 | [ETL] 메타데이터 표준화 | 업데이트가 없어 진행 상황이 불확실합니다. | 진행 중 |
| DL-5017 | (확인되지 않음) | 코드 리뷰 반영 작
✓ FIT11 담당 적합성 판단: intent=ask 체커=ok 품질=4.0 32s
   judge: 조금 더 명확한 결론이나 추천이 부족하다.
✓ CMT12 댓글 + 멘션·문서 언급: intent=modify 체커=ok 품질=4.0 32s
   judge: 변경 승인 카드에 대한 구체적인 정보가 부족하다.
✗ EDGE13 변칙 — 모호+오타+복합: intent=ask 체커=FAIL 품질=0 17s
   reply: 현재 '카탈로그쪽 메타 등록 안된 태이블들 정리'와 관련된 과거 작업이 내부에 존재하지 않는 것으로 보입니다. 관련 이력을 찾지 못했습니다. 따라서 이 작업을 누가 담당할 수 있을지에 대한 정보도 없습니다. 추가적인 정보가 필요하시면 말씀해 주세요.

6/12 통과 · 품질 평균 4.0 · 총비용 $0.088
